// Jest Snapshot v1, https://goo.gl/fbAQLP

exports[`test en el compoenntes <GitItem /> debe de hacer match con el snapshot 1`] = `
<div>
  <div
    class="item-card"
  >
    <img
      alt="Gifs"
      src="https://gifs.com/gif.png"
    />
    <p>
      Gifs
    </p>
  </div>
</div>
`;
