// Jest Snapshot v1, https://goo.gl/fbAQLP

exports[`testing el componente <CoumterApp /> debe de hacer match con el snapshot 1`] = `
<div>
  <div
    class="container"
  >
    <h1>
      CounterApp
    </h1>
    <h2>
      0
    </h2>
    <div>
      <button>
        +1
      </button>
      <button>
        -1
      </button>
      <button>
        Reset
      </button>
    </div>
  </div>
</div>
`;
